[
[" Pennsylvania", "Harrisburg"],
["Alabama", " \tMontgomery"],
["Alaska", " \tJuneau"],
["Arizona", " \tPhoenix"],
["Arkansas", " \tLittle Rock"],
["California", "Sacramento"],
["Colorado", " \tDenver"],
["Connecticut", " \tHartford"],
["Delaware", " \tDover"],
["Florida", "Tallahasee"],
["Georgia", "Atlanta"],
["Idaho", "Boise"],
["Indiana", "Indianapolis\t"],
["Indiana", "Indianapolis\t"],
["Iowa", "Des Moines"],
["Kansas", "Topeka"],
["Kansas", "Topeka"],
["Kentucky", "Frankfort"],
["Louisiana", "Baton Rouge"],
["Maine", "Augusta"],
["Maryland", "Annapolis"],
["Massachusetts", "Boston"],
["Michigan", "Lansing"],
["Minnesota", "St. Paul\t"],
["Mississippi", "Jackson"],
["Missouri", "Jefferson City\t"],
["Montana", "Helena"],
["Nebraska", "\tLincoln"],
["Nevada", "Carson City"],
["New Hampshire", "Concord"],
["New Jersey", "Trenton"],
["New Mexico", "Santa Fe"],
["New York", "\tAlbany"],
["North Carolina", "Raleigh"],
["North Dakota", "\tBismarck"],
["Ohio", "Columbus"],
["Oklahoma", "Oklahoma City"],
["Oregon", "Salem"],
["Rhode Island", "Providence\t"],
["South Carolina", "Columbia"],
["South Dakota", "Pierre"],
["Tennessee", "Nashville"],
["Texas", "Austin\t"],
["Utah", "Salt Lake City"],
["Vermont", "Montpelier"],
["Virginia", "Richmond"],
["Washington", "Olympia"],
["West Virginia", "Charleston"],
["Wisconsin", "Madison"],
["Wyoming", "Cheyenne"]
]
